ILI9341_STM32_Driver.c:6:6:HAL_SPI_TxCpltCallback	16	static
ILI9341_STM32_Driver.c:15:13:ILI9341_SPI_Tx	16	static
ILI9341_STM32_Driver.c:22:13:ILI9341_SPI_TxBuffer	16	static
ILI9341_STM32_Driver.c:29:6:ILI9341_WriteCommand	16	static
ILI9341_STM32_Driver.c:37:6:ILI9341_WriteData	16	static
ILI9341_STM32_Driver.c:45:6:ILI9341_WriteBuffer	16	static
ILI9341_STM32_Driver.c:53:6:ILI9341_SetAddress	32	static
ILI9341_STM32_Driver.c:75:6:ILI9341_Reset	8	static
ILI9341_STM32_Driver.c:85:6:ILI9341_Enable	8	static
ILI9341_STM32_Driver.c:90:6:ILI9341_Init	8	static
ILI9341_STM32_Driver.c:226:6:ILI9341_SetRotation	16	static
ILI9341_STM32_Driver.c:258:6:ILI9341_DrawColor	24	static
ILI9341_STM32_Driver.c:264:6:ILI9341_DrawColorBurst	64	dynamic
ILI9341_STM32_Driver.c:305:6:ILI9341_FillScreen	16	static
ILI9341_STM32_Driver.c:311:6:ILI9341_DrawPixel	32	static
ILI9341_STM32_Driver.c:329:6:ILI9341_DrawRectangle	24	static
ILI9341_STM32_Driver.c:347:6:ILI9341_DrawHLine	24	static
ILI9341_STM32_Driver.c:360:6:ILI9341_DrawVLine	24	static
