main.c:142:6:HAL_UART_RxCpltCallback	16	static
main.c:150:6:set_time	32	static
main.c:180:6:getLCD	32	static
main.c:247:6:get_time	32	static
main.c:262:6:get_ampere_volt	16	static
main.c:290:5:main	136	static
main.c:430:6:SystemClock_Config	104	static
main.c:482:13:MX_I2C1_Init	8	static
main.c:516:13:MX_RTC_Init	32	static
main.c:578:13:MX_SPI1_Init	8	static
main.c:616:13:MX_USART1_UART_Init	8	static
main.c:649:13:MX_USART2_UART_Init	8	static
main.c:682:13:MX_USART3_UART_Init	8	static
main.c:713:13:MX_DMA_Init	16	static
main.c:738:13:MX_GPIO_Init	56	static
main.c:808:6:HAL_UARTEx_RxEventCallback	32	static
main.c:875:6:HAL_GPIO_EXTI_Callback	16	static
main.c:985:6:get_keypad	16	static
main.c:1047:6:led_reaction	16	static
main.c:1070:6:get_gps	40	static
main.c:1141:6:Error_Handler	4	static,ignoring_inline_asm
