main.c:148:6:set_time	32	static
main.c:178:6:getLCD	32	static
main.c:245:6:get_time	32	static
main.c:260:6:get_ampere_volt	16	static
main.c:292:5:main	40	static
main.c:383:6:SystemClock_Config	104	static
main.c:435:13:MX_I2C1_Init	8	static
main.c:469:13:MX_RTC_Init	32	static
main.c:531:13:MX_SPI1_Init	8	static
main.c:569:13:MX_USART1_UART_Init	8	static
main.c:602:13:MX_USART2_UART_Init	8	static
main.c:635:13:MX_USART3_UART_Init	8	static
main.c:666:13:MX_DMA_Init	16	static
main.c:691:13:MX_GPIO_Init	56	static
main.c:761:6:HAL_UARTEx_RxEventCallback	24	static
main.c:821:6:HAL_GPIO_EXTI_Callback	16	static
main.c:931:6:get_keypad	32	static
main.c:1042:6:remove_spaces	24	static
main.c:1051:7:substr	32	static
main.c:1068:6:led_reaction	16	static
main.c:1091:6:get_gps	40	static
main.c:1160:6:terimadata	16	static
main.c:1186:6:kirimdata	16	static
main.c:1209:6:Error_Handler	4	static,ignoring_inline_asm
