stm32f4xx_it.c:75:6:NMI_Handler	4	static
stm32f4xx_it.c:90:6:HardFault_Handler	4	static
stm32f4xx_it.c:105:6:MemManage_Handler	4	static
stm32f4xx_it.c:120:6:BusFault_Handler	4	static
stm32f4xx_it.c:135:6:UsageFault_Handler	4	static
stm32f4xx_it.c:150:6:SVC_Handler	4	static
stm32f4xx_it.c:163:6:DebugMon_Handler	4	static
stm32f4xx_it.c:176:6:PendSV_Handler	4	static
stm32f4xx_it.c:189:6:SysTick_Handler	8	static
stm32f4xx_it.c:210:6:DMA1_Stream1_IRQHandler	8	static
stm32f4xx_it.c:224:6:DMA1_Stream5_IRQHandler	8	static
stm32f4xx_it.c:238:6:EXTI9_5_IRQHandler	8	static
stm32f4xx_it.c:254:6:USART1_IRQHandler	8	static
stm32f4xx_it.c:268:6:USART2_IRQHandler	8	static
stm32f4xx_it.c:282:6:USART3_IRQHandler	8	static
stm32f4xx_it.c:296:6:DMA2_Stream3_IRQHandler	8	static
